Archive member included to satisfy reference by file (symbol)

c:/program files (x86)/atmel/studio/7.0/toolchain/avr8/avr8-gnu-toolchain/bin/../lib/gcc/avr/5.4.0/../../../../avr/lib/avr5\libm.a(fixunssfsi.o)
                              Hal/UltraSonic/UltraSonic.o (__fixunssfsi)
c:/program files (x86)/atmel/studio/7.0/toolchain/avr8/avr8-gnu-toolchain/bin/../lib/gcc/avr/5.4.0/../../../../avr/lib/avr5\libm.a(floatsisf.o)
                              Hal/UltraSonic/UltraSonic.o (__floatunsisf)
c:/program files (x86)/atmel/studio/7.0/toolchain/avr8/avr8-gnu-toolchain/bin/../lib/gcc/avr/5.4.0/../../../../avr/lib/avr5\libm.a(fp_split3.o)
                              c:/program files (x86)/atmel/studio/7.0/toolchain/avr8/avr8-gnu-toolchain/bin/../lib/gcc/avr/5.4.0/../../../../avr/lib/avr5\libm.a(fixunssfsi.o) (__fp_splitA)
c:/program files (x86)/atmel/studio/7.0/toolchain/avr8/avr8-gnu-toolchain/bin/../lib/gcc/avr/5.4.0/../../../../avr/lib/avr5\libm.a(fp_zero.o)
                              c:/program files (x86)/atmel/studio/7.0/toolchain/avr8/avr8-gnu-toolchain/bin/../lib/gcc/avr/5.4.0/../../../../avr/lib/avr5\libm.a(fixunssfsi.o) (__fp_zero)
c:/program files (x86)/atmel/studio/7.0/toolchain/avr8/avr8-gnu-toolchain/bin/../lib/gcc/avr/5.4.0/../../../../avr/lib/avr5\libm.a(mulsf3.o)
                              Hal/UltraSonic/UltraSonic.o (__mulsf3)
c:/program files (x86)/atmel/studio/7.0/toolchain/avr8/avr8-gnu-toolchain/bin/../lib/gcc/avr/5.4.0/../../../../avr/lib/avr5\libm.a(mulsf3x.o)
                              c:/program files (x86)/atmel/studio/7.0/toolchain/avr8/avr8-gnu-toolchain/bin/../lib/gcc/avr/5.4.0/../../../../avr/lib/avr5\libm.a(mulsf3.o) (__mulsf3x)
c:/program files (x86)/atmel/studio/7.0/toolchain/avr8/avr8-gnu-toolchain/bin/../lib/gcc/avr/5.4.0/../../../../avr/lib/avr5\libm.a(fp_inf.o)
                              c:/program files (x86)/atmel/studio/7.0/toolchain/avr8/avr8-gnu-toolchain/bin/../lib/gcc/avr/5.4.0/../../../../avr/lib/avr5\libm.a(mulsf3x.o) (__fp_inf)
c:/program files (x86)/atmel/studio/7.0/toolchain/avr8/avr8-gnu-toolchain/bin/../lib/gcc/avr/5.4.0/../../../../avr/lib/avr5\libm.a(fp_nan.o)
                              c:/program files (x86)/atmel/studio/7.0/toolchain/avr8/avr8-gnu-toolchain/bin/../lib/gcc/avr/5.4.0/../../../../avr/lib/avr5\libm.a(mulsf3x.o) (__fp_nan)
c:/program files (x86)/atmel/studio/7.0/toolchain/avr8/avr8-gnu-toolchain/bin/../lib/gcc/avr/5.4.0/../../../../avr/lib/avr5\libm.a(fp_pscA.o)
                              c:/program files (x86)/atmel/studio/7.0/toolchain/avr8/avr8-gnu-toolchain/bin/../lib/gcc/avr/5.4.0/../../../../avr/lib/avr5\libm.a(mulsf3x.o) (__fp_pscA)
c:/program files (x86)/atmel/studio/7.0/toolchain/avr8/avr8-gnu-toolchain/bin/../lib/gcc/avr/5.4.0/../../../../avr/lib/avr5\libm.a(fp_pscB.o)
                              c:/program files (x86)/atmel/studio/7.0/toolchain/avr8/avr8-gnu-toolchain/bin/../lib/gcc/avr/5.4.0/../../../../avr/lib/avr5\libm.a(mulsf3x.o) (__fp_pscB)
c:/program files (x86)/atmel/studio/7.0/toolchain/avr8/avr8-gnu-toolchain/bin/../lib/gcc/avr/5.4.0/../../../../avr/lib/avr5\libm.a(fp_round.o)
                              c:/program files (x86)/atmel/studio/7.0/toolchain/avr8/avr8-gnu-toolchain/bin/../lib/gcc/avr/5.4.0/../../../../avr/lib/avr5\libm.a(mulsf3.o) (__fp_round)
c:/program files (x86)/atmel/studio/7.0/toolchain/avr8/avr8-gnu-toolchain/bin/../lib/gcc/avr/5.4.0/avr5\libgcc.a(_divmodhi4.o)
                              Mcal/Timer/Timer.o (__divmodhi4)
c:/program files (x86)/atmel/studio/7.0/toolchain/avr8/avr8-gnu-toolchain/bin/../lib/gcc/avr/5.4.0/avr5\libgcc.a(_udivmodsi4.o)
                              Hal/TempSensor/TempSensor.o (__udivmodsi4)
c:/program files (x86)/atmel/studio/7.0/toolchain/avr8/avr8-gnu-toolchain/bin/../lib/gcc/avr/5.4.0/avr5\libgcc.a(_divmodsi4.o)
                              Hal/Lcd/Lcd.o (__divmodsi4)
c:/program files (x86)/atmel/studio/7.0/toolchain/avr8/avr8-gnu-toolchain/bin/../lib/gcc/avr/5.4.0/avr5\libgcc.a(_negsi2.o)
                              c:/program files (x86)/atmel/studio/7.0/toolchain/avr8/avr8-gnu-toolchain/bin/../lib/gcc/avr/5.4.0/avr5\libgcc.a(_divmodsi4.o) (__negsi2)
c:/program files (x86)/atmel/studio/7.0/toolchain/avr8/avr8-gnu-toolchain/bin/../lib/gcc/avr/5.4.0/avr5\libgcc.a(_exit.o)
                              C:/Program Files (x86)/Atmel/Studio/7.0/Packs/atmel/ATmega_DFP/1.7.374/gcc/dev/atmega328p/avr5/crtatmega328p.o (exit)
c:/program files (x86)/atmel/studio/7.0/toolchain/avr8/avr8-gnu-toolchain/bin/../lib/gcc/avr/5.4.0/avr5\libgcc.a(_tablejump2.o)
                              Hal/Ssd/Ssd.o (__tablejump2__)
c:/program files (x86)/atmel/studio/7.0/toolchain/avr8/avr8-gnu-toolchain/bin/../lib/gcc/avr/5.4.0/avr5\libgcc.a(_copy_data.o)
                              App/main.o (__do_copy_data)
c:/program files (x86)/atmel/studio/7.0/toolchain/avr8/avr8-gnu-toolchain/bin/../lib/gcc/avr/5.4.0/avr5\libgcc.a(_clear_bss.o)
                              Mcal/Extint/Extint.o (__do_clear_bss)
c:/program files (x86)/atmel/studio/7.0/toolchain/avr8/avr8-gnu-toolchain/bin/../lib/gcc/avr/5.4.0/avr5\libgcc.a(_umulhisi3.o)
                              Hal/TempSensor/TempSensor.o (__umulhisi3)
c:/program files (x86)/atmel/studio/7.0/toolchain/avr8/avr8-gnu-toolchain/bin/../lib/gcc/avr/5.4.0/avr5\libgcc.a(_udivmodhi4.o)
                              c:/program files (x86)/atmel/studio/7.0/toolchain/avr8/avr8-gnu-toolchain/bin/../lib/gcc/avr/5.4.0/avr5\libgcc.a(_divmodhi4.o) (__udivmodhi4)

Allocating common symbols
Common symbol       size              file

ptr_CallBackIcu     0x2               Mcal/Timer/Timer.o
CallBack            0x2               Mcal/Extint/Extint.o
ptr_CallBack        0x6               Mcal/Timer/Timer.o

Discarded input sections

 .data          0x00000000        0x0 C:/Program Files (x86)/Atmel/Studio/7.0/Packs/atmel/ATmega_DFP/1.7.374/gcc/dev/atmega328p/avr5/crtatmega328p.o
 .bss           0x00000000        0x0 C:/Program Files (x86)/Atmel/Studio/7.0/Packs/atmel/ATmega_DFP/1.7.374/gcc/dev/atmega328p/avr5/crtatmega328p.o
 .text          0x00000000        0x0 App/main.o
 .data          0x00000000        0x0 App/main.o
 .bss           0x00000000        0x0 App/main.o
 .text          0x00000000        0x0 Hal/Buzzer/Buzzer.o
 .data          0x00000000        0x0 Hal/Buzzer/Buzzer.o
 .bss           0x00000000        0x0 Hal/Buzzer/Buzzer.o
 .text.H_Buzzer_Void_Init
                0x00000000        0xa Hal/Buzzer/Buzzer.o
 .text.H_Buzzer_Void_On
                0x00000000        0xa Hal/Buzzer/Buzzer.o
 .text.H_Buzzer_Void_Off
                0x00000000        0xa Hal/Buzzer/Buzzer.o
 .text.H_Buzzer_Void_Once
                0x00000000       0x24 Hal/Buzzer/Buzzer.o
 .text.H_Buzzer_Void_Twice
                0x00000000       0x1c Hal/Buzzer/Buzzer.o
 .text.H_Buzzer_Void_Triple
                0x00000000       0x1c Hal/Buzzer/Buzzer.o
 .text.H_Buzzer_Void_OnceLong
                0x00000000       0x24 Hal/Buzzer/Buzzer.o
 .debug_info    0x00000000      0x33c Hal/Buzzer/Buzzer.o
 .debug_abbrev  0x00000000       0xfc Hal/Buzzer/Buzzer.o
 .debug_loc     0x00000000      0x120 Hal/Buzzer/Buzzer.o
 .debug_aranges
                0x00000000       0x50 Hal/Buzzer/Buzzer.o
 .debug_ranges  0x00000000       0x40 Hal/Buzzer/Buzzer.o
 .debug_line    0x00000000      0x1f3 Hal/Buzzer/Buzzer.o
 .debug_str     0x00000000      0x291 Hal/Buzzer/Buzzer.o
 .comment       0x00000000       0x31 Hal/Buzzer/Buzzer.o
 .debug_frame   0x00000000       0x84 Hal/Buzzer/Buzzer.o
 .text          0x00000000        0x0 Hal/eeprom/eeprom.o
 .data          0x00000000        0x0 Hal/eeprom/eeprom.o
 .bss           0x00000000        0x0 Hal/eeprom/eeprom.o
 .text.H_Void_EEPROM_Init
                0x00000000        0x6 Hal/eeprom/eeprom.o
 .text.H_Void_EEPROM_Write
                0x00000000       0x3e Hal/eeprom/eeprom.o
 .text.H_Void_EEPROM_Read
                0x00000000       0xa8 Hal/eeprom/eeprom.o
 .debug_info    0x00000000      0x288 Hal/eeprom/eeprom.o
 .debug_abbrev  0x00000000       0xd0 Hal/eeprom/eeprom.o
 .debug_loc     0x00000000      0x218 Hal/eeprom/eeprom.o
 .debug_aranges
                0x00000000       0x30 Hal/eeprom/eeprom.o
 .debug_ranges  0x00000000       0x20 Hal/eeprom/eeprom.o
 .debug_line    0x00000000      0x143 Hal/eeprom/eeprom.o
 .debug_str     0x00000000      0x262 Hal/eeprom/eeprom.o
 .comment       0x00000000       0x31 Hal/eeprom/eeprom.o
 .debug_frame   0x00000000       0x78 Hal/eeprom/eeprom.o
 .text          0x00000000        0x0 Hal/KeyPad/KeyPad.o
 .data          0x00000000        0x0 Hal/KeyPad/KeyPad.o
 .bss           0x00000000        0x0 Hal/KeyPad/KeyPad.o
 .text          0x00000000        0x0 Hal/Lcd/Lcd.o
 .data          0x00000000        0x0 Hal/Lcd/Lcd.o
 .bss           0x00000000        0x0 Hal/Lcd/Lcd.o
 .text          0x00000000        0x0 Hal/Led/Led.o
 .data          0x00000000        0x0 Hal/Led/Led.o
 .bss           0x00000000        0x0 Hal/Led/Led.o
 .text.H_Led_void_BlinkOnce
                0x00000000       0x78 Hal/Led/Led.o
 .text.H_Led_void_BlinkTwice
                0x00000000      0x118 Hal/Led/Led.o
 .text.H_Led_void_Toggle
                0x00000000       0x24 Hal/Led/Led.o
 .text          0x00000000        0x0 Hal/LM293/LM293.o
 .data          0x00000000        0x0 Hal/LM293/LM293.o
 .bss           0x00000000        0x0 Hal/LM293/LM293.o
 .text          0x00000000        0x0 Hal/PushButton/PushButton.o
 .data          0x00000000        0x0 Hal/PushButton/PushButton.o
 .bss           0x00000000        0x0 Hal/PushButton/PushButton.o
 .text.H_PushButton_Void_Init
                0x00000000       0x46 Hal/PushButton/PushButton.o
 .text.H_PushButton_Void_Read
                0x00000000      0x14a Hal/PushButton/PushButton.o
 .debug_info    0x00000000      0x406 Hal/PushButton/PushButton.o
 .debug_abbrev  0x00000000      0x12b Hal/PushButton/PushButton.o
 .debug_loc     0x00000000      0x2b2 Hal/PushButton/PushButton.o
 .debug_aranges
                0x00000000       0x28 Hal/PushButton/PushButton.o
 .debug_ranges  0x00000000       0x18 Hal/PushButton/PushButton.o
 .debug_line    0x00000000      0x248 Hal/PushButton/PushButton.o
 .debug_str     0x00000000      0x263 Hal/PushButton/PushButton.o
 .comment       0x00000000       0x31 Hal/PushButton/PushButton.o
 .debug_frame   0x00000000       0x3c Hal/PushButton/PushButton.o
 .text          0x00000000        0x0 Hal/Ssd/Ssd.o
 .data          0x00000000        0x0 Hal/Ssd/Ssd.o
 .bss           0x00000000        0x0 Hal/Ssd/Ssd.o
 .text.H_Ssd_Void_Display
                0x00000000      0x28c Hal/Ssd/Ssd.o
 .progmem.gcc_sw_table.H_Ssd_Void_Display
                0x00000000       0x14 Hal/Ssd/Ssd.o
 .text.H_Ssd_Void_Init
                0x00000000       0x4a Hal/Ssd/Ssd.o
 .text.H_Ssd_Void_Write
                0x00000000       0x70 Hal/Ssd/Ssd.o
 .text.H_Ssd_Void_CountUp
                0x00000000       0x1a Hal/Ssd/Ssd.o
 .text.H_Ssd_Void_CountDown
                0x00000000       0x16 Hal/Ssd/Ssd.o
 .debug_info    0x00000000      0xaaf Hal/Ssd/Ssd.o
 .debug_abbrev  0x00000000      0x141 Hal/Ssd/Ssd.o
 .debug_loc     0x00000000      0x3cf Hal/Ssd/Ssd.o
 .debug_aranges
                0x00000000       0x40 Hal/Ssd/Ssd.o
 .debug_ranges  0x00000000       0x30 Hal/Ssd/Ssd.o
 .debug_line    0x00000000      0x447 Hal/Ssd/Ssd.o
 .debug_str     0x00000000      0x2ce Hal/Ssd/Ssd.o
 .comment       0x00000000       0x31 Hal/Ssd/Ssd.o
 .debug_frame   0x00000000       0x90 Hal/Ssd/Ssd.o
 .text          0x00000000        0x0 Hal/TempSensor/TempSensor.o
 .data          0x00000000        0x0 Hal/TempSensor/TempSensor.o
 .bss           0x00000000        0x0 Hal/TempSensor/TempSensor.o
 .text          0x00000000        0x0 Hal/UltraSonic/UltraSonic.o
 .data          0x00000000        0x0 Hal/UltraSonic/UltraSonic.o
 .bss           0x00000000        0x0 Hal/UltraSonic/UltraSonic.o
 .text.H_UltraSonic_Void_Init
                0x00000000        0xc Hal/UltraSonic/UltraSonic.o
 .text.H_ULtraSonic_u8_ReadDistace
                0x00000000       0x6a Hal/UltraSonic/UltraSonic.o
 .debug_info    0x00000000      0x20e Hal/UltraSonic/UltraSonic.o
 .debug_abbrev  0x00000000      0x136 Hal/UltraSonic/UltraSonic.o
 .debug_loc     0x00000000       0xe8 Hal/UltraSonic/UltraSonic.o
 .debug_aranges
                0x00000000       0x28 Hal/UltraSonic/UltraSonic.o
 .debug_ranges  0x00000000       0x18 Hal/UltraSonic/UltraSonic.o
 .debug_line    0x00000000      0x1d6 Hal/UltraSonic/UltraSonic.o
 .debug_str     0x00000000      0x29e Hal/UltraSonic/UltraSonic.o
 .comment       0x00000000       0x31 Hal/UltraSonic/UltraSonic.o
 .debug_frame   0x00000000       0x3c Hal/UltraSonic/UltraSonic.o
 .text          0x00000000        0x0 Mcal/Adc/Adc.o
 .data          0x00000000        0x0 Mcal/Adc/Adc.o
 .bss           0x00000000        0x0 Mcal/Adc/Adc.o
 .text          0x00000000        0x0 Mcal/Dio/Dio.o
 .data          0x00000000        0x0 Mcal/Dio/Dio.o
 .bss           0x00000000        0x0 Mcal/Dio/Dio.o
 .text.M_Dio_Void_PinToggle
                0x00000000       0x74 Mcal/Dio/Dio.o
 .text.M_Dio_Void_PortMode
                0x00000000       0x40 Mcal/Dio/Dio.o
 .text.M_Dio_Void_PortWrite
                0x00000000       0x58 Mcal/Dio/Dio.o
 .text          0x00000000        0x0 Mcal/Extint/Extint.o
 .data          0x00000000        0x0 Mcal/Extint/Extint.o
 .bss           0x00000000        0x0 Mcal/Extint/Extint.o
 .text.M_Void_ExtInt_Init
                0x00000000       0x38 Mcal/Extint/Extint.o
 .text.M_Void_ExtInt_SetCallBack
                0x00000000        0xa Mcal/Extint/Extint.o
 .text          0x00000000        0x0 Mcal/GIE/GIE.o
 .data          0x00000000        0x0 Mcal/GIE/GIE.o
 .bss           0x00000000        0x0 Mcal/GIE/GIE.o
 .text.M_Gie_Void_Enable
                0x00000000        0x8 Mcal/GIE/GIE.o
 .text.M_Gie_Void_Disable
                0x00000000        0x8 Mcal/GIE/GIE.o
 .debug_info    0x00000000       0x99 Mcal/GIE/GIE.o
 .debug_abbrev  0x00000000       0x46 Mcal/GIE/GIE.o
 .debug_aranges
                0x00000000       0x28 Mcal/GIE/GIE.o
 .debug_ranges  0x00000000       0x18 Mcal/GIE/GIE.o
 .debug_line    0x00000000       0x6b Mcal/GIE/GIE.o
 .debug_str     0x00000000      0x190 Mcal/GIE/GIE.o
 .comment       0x00000000       0x31 Mcal/GIE/GIE.o
 .debug_frame   0x00000000       0x34 Mcal/GIE/GIE.o
 .text          0x00000000        0x0 Mcal/I2C/I2c.o
 .data          0x00000000        0x0 Mcal/I2C/I2c.o
 .bss           0x00000000        0x0 Mcal/I2C/I2c.o
 .text.M_Void_I2c_MasterInit
                0x00000000       0x1e Mcal/I2C/I2c.o
 .text.M_Void_I2c_SendStart
                0x00000000       0x12 Mcal/I2C/I2c.o
 .text.M_Void_I2c_RepeatStart
                0x00000000       0x12 Mcal/I2C/I2c.o
 .text.M_Void_I2c_SendStop
                0x00000000       0x12 Mcal/I2C/I2c.o
 .text.M_Void_I2c_MSendData
                0x00000000       0x16 Mcal/I2C/I2c.o
 .text.M_u8_I2c_MReadData
                0x00000000       0x16 Mcal/I2C/I2c.o
 .text.M_Void_I2c_SlaveInit
                0x00000000       0x10 Mcal/I2C/I2c.o
 .text.M_Void_I2c_SCheckAddress
                0x00000000       0x12 Mcal/I2C/I2c.o
 .text.M_Void_I2c_SSendData
                0x00000000       0x16 Mcal/I2C/I2c.o
 .text.M_u8_I2c_SReadData
                0x00000000       0x16 Mcal/I2C/I2c.o
 .text.M_u8_I2c_GetStatus
                0x00000000        0x8 Mcal/I2C/I2c.o
 .debug_info    0x00000000      0x1b7 Mcal/I2C/I2c.o
 .debug_abbrev  0x00000000       0xb2 Mcal/I2C/I2c.o
 .debug_loc     0x00000000       0xa8 Mcal/I2C/I2c.o
 .debug_aranges
                0x00000000       0x70 Mcal/I2C/I2c.o
 .debug_ranges  0x00000000       0x60 Mcal/I2C/I2c.o
 .debug_line    0x00000000      0x22b Mcal/I2C/I2c.o
 .debug_str     0x00000000      0x276 Mcal/I2C/I2c.o
 .comment       0x00000000       0x31 Mcal/I2C/I2c.o
 .debug_frame   0x00000000       0xc4 Mcal/I2C/I2c.o
 .text          0x00000000        0x0 Mcal/SPI/Spi.o
 .data          0x00000000        0x0 Mcal/SPI/Spi.o
 .bss           0x00000000        0x0 Mcal/SPI/Spi.o
 .text.M_Spi_Void_MasterInit
                0x00000000       0x32 Mcal/SPI/Spi.o
 .text.M_Spi_Void_SlaveInit
                0x00000000       0x20 Mcal/SPI/Spi.o
 .text.M_Spi_u8_Transfer
                0x00000000       0x12 Mcal/SPI/Spi.o
 .debug_info    0x00000000       0xc3 Mcal/SPI/Spi.o
 .debug_abbrev  0x00000000       0x6f Mcal/SPI/Spi.o
 .debug_loc     0x00000000       0x2d Mcal/SPI/Spi.o
 .debug_aranges
                0x00000000       0x30 Mcal/SPI/Spi.o
 .debug_ranges  0x00000000       0x20 Mcal/SPI/Spi.o
 .debug_line    0x00000000       0xde Mcal/SPI/Spi.o
 .debug_str     0x00000000      0x1b5 Mcal/SPI/Spi.o
 .comment       0x00000000       0x31 Mcal/SPI/Spi.o
 .debug_frame   0x00000000       0x44 Mcal/SPI/Spi.o
 .text          0x00000000        0x0 Mcal/Timer/Timer.o
 .data          0x00000000        0x0 Mcal/Timer/Timer.o
 .bss           0x00000000        0x0 Mcal/Timer/Timer.o
 .text.M_Timer_Void_Timer0Stop
                0x00000000        0xc Mcal/Timer/Timer.o
 .text.M_Timer_Void_Timer0Preload
                0x00000000        0x4 Mcal/Timer/Timer.o
 .text.M_Timer_Void_Timer0CompareMatch
                0x00000000       0x12 Mcal/Timer/Timer.o
 .text.M_Timer_Void_SetCallBack
                0x00000000       0x32 Mcal/Timer/Timer.o
 .text.M_Timer_Void_InterruptEnable
                0x00000000       0x38 Mcal/Timer/Timer.o
 .text.M_Timer_Void_InterruptDisable
                0x00000000       0x38 Mcal/Timer/Timer.o
 .text.M_Timer_void_PhaseCorrectPwm_Write
                0x00000000       0x32 Mcal/Timer/Timer.o
 .text.M_Timer_Void_Timer1Init
                0x00000000       0x18 Mcal/Timer/Timer.o
 .text.M_Timer_Void_ICUInit
                0x00000000       0x16 Mcal/Timer/Timer.o
 .text.M_Timer_ICUReadValue
                0x00000000       0x10 Mcal/Timer/Timer.o
 .text.M_Timer_Void_ICUSetTrigger
                0x00000000       0x22 Mcal/Timer/Timer.o
 .text.M_Timer_Void_ICUEnableInterrupt
                0x00000000        0xc Mcal/Timer/Timer.o
 .text.M_Timer_Void_ICUDisableInterrupt
                0x00000000        0xc Mcal/Timer/Timer.o
 .text.M_Timer_Void_ICUSetCallBack
                0x00000000        0xa Mcal/Timer/Timer.o
 .text          0x00000000        0x0 Mcal/Uart/Uart.o
 .data          0x00000000        0x0 Mcal/Uart/Uart.o
 .bss           0x00000000        0x0 Mcal/Uart/Uart.o
 .text.M_Uart_Void_Init
                0x00000000       0x5c Mcal/Uart/Uart.o
 .text.M_Uart_Void_SendChar
                0x00000000       0x10 Mcal/Uart/Uart.o
 .text.M_Uart_Void_ReciveChar
                0x00000000       0x10 Mcal/Uart/Uart.o
 .text.M_Uart_Void_SendString
                0x00000000       0x1e Mcal/Uart/Uart.o
 .debug_info    0x00000000      0x165 Mcal/Uart/Uart.o
 .debug_abbrev  0x00000000       0xd7 Mcal/Uart/Uart.o
 .debug_loc     0x00000000       0xbb Mcal/Uart/Uart.o
 .debug_aranges
                0x00000000       0x38 Mcal/Uart/Uart.o
 .debug_ranges  0x00000000       0x28 Mcal/Uart/Uart.o
 .debug_line    0x00000000      0x118 Mcal/Uart/Uart.o
 .debug_str     0x00000000      0x25b Mcal/Uart/Uart.o
 .comment       0x00000000       0x31 Mcal/Uart/Uart.o
 .debug_frame   0x00000000       0x60 Mcal/Uart/Uart.o
 .text          0x00000000        0x0 c:/program files (x86)/atmel/studio/7.0/toolchain/avr8/avr8-gnu-toolchain/bin/../lib/gcc/avr/5.4.0/../../../../avr/lib/avr5\libm.a(fixunssfsi.o)
 .data          0x00000000        0x0 c:/program files (x86)/atmel/studio/7.0/toolchain/avr8/avr8-gnu-toolchain/bin/../lib/gcc/avr/5.4.0/../../../../avr/lib/avr5\libm.a(fixunssfsi.o)
 .bss           0x00000000        0x0 c:/program files (x86)/atmel/studio/7.0/toolchain/avr8/avr8-gnu-toolchain/bin/../lib/gcc/avr/5.4.0/../../../../avr/lib/avr5\libm.a(fixunssfsi.o)
 .text.avr-libc.fplib
                0x00000000       0x5e c:/program files (x86)/atmel/studio/7.0/toolchain/avr8/avr8-gnu-toolchain/bin/../lib/gcc/avr/5.4.0/../../../../avr/lib/avr5\libm.a(fixunssfsi.o)
 .text          0x00000000        0x0 c:/program files (x86)/atmel/studio/7.0/toolchain/avr8/avr8-gnu-toolchain/bin/../lib/gcc/avr/5.4.0/../../../../avr/lib/avr5\libm.a(floatsisf.o)
 .data          0x00000000        0x0 c:/program files (x86)/atmel/studio/7.0/toolchain/avr8/avr8-gnu-toolchain/bin/../lib/gcc/avr/5.4.0/../../../../avr/lib/avr5\libm.a(floatsisf.o)
 .bss           0x00000000        0x0 c:/program files (x86)/atmel/studio/7.0/toolchain/avr8/avr8-gnu-toolchain/bin/../lib/gcc/avr/5.4.0/../../../../avr/lib/avr5\libm.a(floatsisf.o)
 .text.avr-libc.fplib
                0x00000000       0x7a c:/program files (x86)/atmel/studio/7.0/toolchain/avr8/avr8-gnu-toolchain/bin/../lib/gcc/avr/5.4.0/../../../../avr/lib/avr5\libm.a(floatsisf.o)
 .text          0x00000000        0x0 c:/program files (x86)/atmel/studio/7.0/toolchain/avr8/avr8-gnu-toolchain/bin/../lib/gcc/avr/5.4.0/../../../../avr/lib/avr5\libm.a(fp_split3.o)
 .data          0x00000000        0x0 c:/program files (x86)/atmel/studio/7.0/toolchain/avr8/avr8-gnu-toolchain/bin/../lib/gcc/avr/5.4.0/../../../../avr/lib/avr5\libm.a(fp_split3.o)
 .bss           0x00000000        0x0 c:/program files (x86)/atmel/studio/7.0/toolchain/avr8/avr8-gnu-toolchain/bin/../lib/gcc/avr/5.4.0/../../../../avr/lib/avr5\libm.a(fp_split3.o)
 .text.avr-libc.fplib
                0x00000000       0x44 c:/program files (x86)/atmel/studio/7.0/toolchain/avr8/avr8-gnu-toolchain/bin/../lib/gcc/avr/5.4.0/../../../../avr/lib/avr5\libm.a(fp_split3.o)
 .text          0x00000000        0x0 c:/program files (x86)/atmel/studio/7.0/toolchain/avr8/avr8-gnu-toolchain/bin/../lib/gcc/avr/5.4.0/../../../../avr/lib/avr5\libm.a(fp_zero.o)
 .data          0x00000000        0x0 c:/program files (x86)/atmel/studio/7.0/toolchain/avr8/avr8-gnu-toolchain/bin/../lib/gcc/avr/5.4.0/../../../../avr/lib/avr5\libm.a(fp_zero.o)
 .bss           0x00000000        0x0 c:/program files (x86)/atmel/studio/7.0/toolchain/avr8/avr8-gnu-toolchain/bin/../lib/gcc/avr/5.4.0/../../../../avr/lib/avr5\libm.a(fp_zero.o)
 .text.avr-libc.fplib
                0x00000000        0xe c:/program files (x86)/atmel/studio/7.0/toolchain/avr8/avr8-gnu-toolchain/bin/../lib/gcc/avr/5.4.0/../../../../avr/lib/avr5\libm.a(fp_zero.o)
 .text          0x00000000        0x0 c:/program files (x86)/atmel/studio/7.0/toolchain/avr8/avr8-gnu-toolchain/bin/../lib/gcc/avr/5.4.0/../../../../avr/lib/avr5\libm.a(mulsf3.o)
 .data          0x00000000        0x0 c:/program files (x86)/atmel/studio/7.0/toolchain/avr8/avr8-gnu-toolchain/bin/../lib/gcc/avr/5.4.0/../../../../avr/lib/avr5\libm.a(mulsf3.o)
 .bss           0x00000000        0x0 c:/program files (x86)/atmel/studio/7.0/toolchain/avr8/avr8-gnu-toolchain/bin/../lib/gcc/avr/5.4.0/../../../../avr/lib/avr5\libm.a(mulsf3.o)
 .text.avr-libc.fplib
                0x00000000        0x8 c:/program files (x86)/atmel/studio/7.0/toolchain/avr8/avr8-gnu-toolchain/bin/../lib/gcc/avr/5.4.0/../../../../avr/lib/avr5\libm.a(mulsf3.o)
 .text          0x00000000        0x0 c:/program files (x86)/atmel/studio/7.0/toolchain/avr8/avr8-gnu-toolchain/bin/../lib/gcc/avr/5.4.0/../../../../avr/lib/avr5\libm.a(mulsf3x.o)
 .data          0x00000000        0x0 c:/program files (x86)/atmel/studio/7.0/toolchain/avr8/avr8-gnu-toolchain/bin/../lib/gcc/avr/5.4.0/../../../../avr/lib/avr5\libm.a(mulsf3x.o)
 .bss           0x00000000        0x0 c:/program files (x86)/atmel/studio/7.0/toolchain/avr8/avr8-gnu-toolchain/bin/../lib/gcc/avr/5.4.0/../../../../avr/lib/avr5\libm.a(mulsf3x.o)
 .text.avr-libc.fplib
                0x00000000       0xd2 c:/program files (x86)/atmel/studio/7.0/toolchain/avr8/avr8-gnu-toolchain/bin/../lib/gcc/avr/5.4.0/../../../../avr/lib/avr5\libm.a(mulsf3x.o)
 .text          0x00000000        0x0 c:/program files (x86)/atmel/studio/7.0/toolchain/avr8/avr8-gnu-toolchain/bin/../lib/gcc/avr/5.4.0/../../../../avr/lib/avr5\libm.a(fp_inf.o)
 .data          0x00000000        0x0 c:/program files (x86)/atmel/studio/7.0/toolchain/avr8/avr8-gnu-toolchain/bin/../lib/gcc/avr/5.4.0/../../../../avr/lib/avr5\libm.a(fp_inf.o)
 .bss           0x00000000        0x0 c:/program files (x86)/atmel/studio/7.0/toolchain/avr8/avr8-gnu-toolchain/bin/../lib/gcc/avr/5.4.0/../../../../avr/lib/avr5\libm.a(fp_inf.o)
 .text.avr-libc.fplib
                0x00000000        0xc c:/program files (x86)/atmel/studio/7.0/toolchain/avr8/avr8-gnu-toolchain/bin/../lib/gcc/avr/5.4.0/../../../../avr/lib/avr5\libm.a(fp_inf.o)
 .text          0x00000000        0x0 c:/program files (x86)/atmel/studio/7.0/toolchain/avr8/avr8-gnu-toolchain/bin/../lib/gcc/avr/5.4.0/../../../../avr/lib/avr5\libm.a(fp_nan.o)
 .data          0x00000000        0x0 c:/program files (x86)/atmel/studio/7.0/toolchain/avr8/avr8-gnu-toolchain/bin/../lib/gcc/avr/5.4.0/../../../../avr/lib/avr5\libm.a(fp_nan.o)
 .bss           0x00000000        0x0 c:/program files (x86)/atmel/studio/7.0/toolchain/avr8/avr8-gnu-toolchain/bin/../lib/gcc/avr/5.4.0/../../../../avr/lib/avr5\libm.a(fp_nan.o)
 .text.avr-libc.fplib
                0x00000000        0x6 c:/program files (x86)/atmel/studio/7.0/toolchain/avr8/avr8-gnu-toolchain/bin/../lib/gcc/avr/5.4.0/../../../../avr/lib/avr5\libm.a(fp_nan.o)
 .text          0x00000000        0x0 c:/program files (x86)/atmel/studio/7.0/toolchain/avr8/avr8-gnu-toolchain/bin/../lib/gcc/avr/5.4.0/../../../../avr/lib/avr5\libm.a(fp_pscA.o)
 .data          0x00000000        0x0 c:/program files (x86)/atmel/studio/7.0/toolchain/avr8/avr8-gnu-toolchain/bin/../lib/gcc/avr/5.4.0/../../../../avr/lib/avr5\libm.a(fp_pscA.o)
 .bss           0x00000000        0x0 c:/program files (x86)/atmel/studio/7.0/toolchain/avr8/avr8-gnu-toolchain/bin/../lib/gcc/avr/5.4.0/../../../../avr/lib/avr5\libm.a(fp_pscA.o)
 .text.avr-libc.fplib
                0x00000000        0xe c:/program files (x86)/atmel/studio/7.0/toolchain/avr8/avr8-gnu-toolchain/bin/../lib/gcc/avr/5.4.0/../../../../avr/lib/avr5\libm.a(fp_pscA.o)
 .text          0x00000000        0x0 c:/program files (x86)/atmel/studio/7.0/toolchain/avr8/avr8-gnu-toolchain/bin/../lib/gcc/avr/5.4.0/../../../../avr/lib/avr5\libm.a(fp_pscB.o)
 .data          0x00000000        0x0 c:/program files (x86)/atmel/studio/7.0/toolchain/avr8/avr8-gnu-toolchain/bin/../lib/gcc/avr/5.4.0/../../../../avr/lib/avr5\libm.a(fp_pscB.o)
 .bss           0x00000000        0x0 c:/program files (x86)/atmel/studio/7.0/toolchain/avr8/avr8-gnu-toolchain/bin/../lib/gcc/avr/5.4.0/../../../../avr/lib/avr5\libm.a(fp_pscB.o)
 .text.avr-libc.fplib
                0x00000000        0xe c:/program files (x86)/atmel/studio/7.0/toolchain/avr8/avr8-gnu-toolchain/bin/../lib/gcc/avr/5.4.0/../../../../avr/lib/avr5\libm.a(fp_pscB.o)
 .text          0x00000000        0x0 c:/program files (x86)/atmel/studio/7.0/toolchain/avr8/avr8-gnu-toolchain/bin/../lib/gcc/avr/5.4.0/../../../../avr/lib/avr5\libm.a(fp_round.o)
 .data          0x00000000        0x0 c:/program files (x86)/atmel/studio/7.0/toolchain/avr8/avr8-gnu-toolchain/bin/../lib/gcc/avr/5.4.0/../../../../avr/lib/avr5\libm.a(fp_round.o)
 .bss           0x00000000        0x0 c:/program files (x86)/atmel/studio/7.0/toolchain/avr8/avr8-gnu-toolchain/bin/../lib/gcc/avr/5.4.0/../../../../avr/lib/avr5\libm.a(fp_round.o)
 .text.avr-libc.fplib
                0x00000000       0x22 c:/program files (x86)/atmel/studio/7.0/toolchain/avr8/avr8-gnu-toolchain/bin/../lib/gcc/avr/5.4.0/../../../../avr/lib/avr5\libm.a(fp_round.o)
 .text          0x00000000        0x0 c:/program files (x86)/atmel/studio/7.0/toolchain/avr8/avr8-gnu-toolchain/bin/../lib/gcc/avr/5.4.0/avr5\libgcc.a(_divmodhi4.o)
 .data          0x00000000        0x0 c:/program files (x86)/atmel/studio/7.0/toolchain/avr8/avr8-gnu-toolchain/bin/../lib/gcc/avr/5.4.0/avr5\libgcc.a(_divmodhi4.o)
 .bss           0x00000000        0x0 c:/program files (x86)/atmel/studio/7.0/toolchain/avr8/avr8-gnu-toolchain/bin/../lib/gcc/avr/5.4.0/avr5\libgcc.a(_divmodhi4.o)
 .text.libgcc.mul
                0x00000000        0x0 c:/program files (x86)/atmel/studio/7.0/toolchain/avr8/avr8-gnu-toolchain/bin/../lib/gcc/avr/5.4.0/avr5\libgcc.a(_divmodhi4.o)
 .text.libgcc   0x00000000        0x0 c:/program files (x86)/atmel/studio/7.0/toolchain/avr8/avr8-gnu-toolchain/bin/../lib/gcc/avr/5.4.0/avr5\libgcc.a(_divmodhi4.o)
 .text.libgcc.prologue
                0x00000000        0x0 c:/program files (x86)/atmel/studio/7.0/toolchain/avr8/avr8-gnu-toolchain/bin/../lib/gcc/avr/5.4.0/avr5\libgcc.a(_divmodhi4.o)
 .text.libgcc.builtins
                0x00000000        0x0 c:/program files (x86)/atmel/studio/7.0/toolchain/avr8/avr8-gnu-toolchain/bin/../lib/gcc/avr/5.4.0/avr5\libgcc.a(_divmodhi4.o)
 .text.libgcc.fmul
                0x00000000        0x0 c:/program files (x86)/atmel/studio/7.0/toolchain/avr8/avr8-gnu-toolchain/bin/../lib/gcc/avr/5.4.0/avr5\libgcc.a(_divmodhi4.o)
 .text.libgcc.fixed
                0x00000000        0x0 c:/program files (x86)/atmel/studio/7.0/toolchain/avr8/avr8-gnu-toolchain/bin/../lib/gcc/avr/5.4.0/avr5\libgcc.a(_divmodhi4.o)
 .text          0x00000000        0x0 c:/program files (x86)/atmel/studio/7.0/toolchain/avr8/avr8-gnu-toolchain/bin/../lib/gcc/avr/5.4.0/avr5\libgcc.a(_udivmodsi4.o)
 .data          0x00000000        0x0 c:/program files (x86)/atmel/studio/7.0/toolchain/avr8/avr8-gnu-toolchain/bin/../lib/gcc/avr/5.4.0/avr5\libgcc.a(_udivmodsi4.o)
 .bss           0x00000000        0x0 c:/program files (x86)/atmel/studio/7.0/toolchain/avr8/avr8-gnu-toolchain/bin/../lib/gcc/avr/5.4.0/avr5\libgcc.a(_udivmodsi4.o)
 .text.libgcc.mul
                0x00000000        0x0 c:/program files (x86)/atmel/studio/7.0/toolchain/avr8/avr8-gnu-toolchain/bin/../lib/gcc/avr/5.4.0/avr5\libgcc.a(_udivmodsi4.o)
 .text.libgcc   0x00000000        0x0 c:/program files (x86)/atmel/studio/7.0/toolchain/avr8/avr8-gnu-toolchain/bin/../lib/gcc/avr/5.4.0/avr5\libgcc.a(_udivmodsi4.o)
 .text.libgcc.prologue
                0x00000000        0x0 c:/program files (x86)/atmel/studio/7.0/toolchain/avr8/avr8-gnu-toolchain/bin/../lib/gcc/avr/5.4.0/avr5\libgcc.a(_udivmodsi4.o)
 .text.libgcc.builtins
                0x00000000        0x0 c:/program files (x86)/atmel/studio/7.0/toolchain/avr8/avr8-gnu-toolchain/bin/../lib/gcc/avr/5.4.0/avr5\libgcc.a(_udivmodsi4.o)
 .text.libgcc.fmul
                0x00000000        0x0 c:/program files (x86)/atmel/studio/7.0/toolchain/avr8/avr8-gnu-toolchain/bin/../lib/gcc/avr/5.4.0/avr5\libgcc.a(_udivmodsi4.o)
 .text.libgcc.fixed
                0x00000000        0x0 c:/program files (x86)/atmel/studio/7.0/toolchain/avr8/avr8-gnu-toolchain/bin/../lib/gcc/avr/5.4.0/avr5\libgcc.a(_udivmodsi4.o)
 .text          0x00000000        0x0 c:/program files (x86)/atmel/studio/7.0/toolchain/avr8/avr8-gnu-toolchain/bin/../lib/gcc/avr/5.4.0/avr5\libgcc.a(_divmodsi4.o)
 .data          0x00000000        0x0 c:/program files (x86)/atmel/studio/7.0/toolchain/avr8/avr8-gnu-toolchain/bin/../lib/gcc/avr/5.4.0/avr5\libgcc.a(_divmodsi4.o)
 .bss           0x00000000        0x0 c:/program files (x86)/atmel/studio/7.0/toolchain/avr8/avr8-gnu-toolchain/bin/../lib/gcc/avr/5.4.0/avr5\libgcc.a(_divmodsi4.o)
 .text.libgcc.mul
                0x00000000        0x0 c:/program files (x86)/atmel/studio/7.0/toolchain/avr8/avr8-gnu-toolchain/bin/../lib/gcc/avr/5.4.0/avr5\libgcc.a(_divmodsi4.o)
 .text.libgcc   0x00000000        0x0 c:/program files (x86)/atmel/studio/7.0/toolchain/avr8/avr8-gnu-toolchain/bin/../lib/gcc/avr/5.4.0/avr5\libgcc.a(_divmodsi4.o)
 .text.libgcc.prologue
                0x00000000        0x0 c:/program files (x86)/atmel/studio/7.0/toolchain/avr8/avr8-gnu-toolchain/bin/../lib/gcc/avr/5.4.0/avr5\libgcc.a(_divmodsi4.o)
 .text.libgcc.builtins
                0x00000000        0x0 c:/program files (x86)/atmel/studio/7.0/toolchain/avr8/avr8-gnu-toolchain/bin/../lib/gcc/avr/5.4.0/avr5\libgcc.a(_divmodsi4.o)
 .text.libgcc.fmul
                0x00000000        0x0 c:/program files (x86)/atmel/studio/7.0/toolchain/avr8/avr8-gnu-toolchain/bin/../lib/gcc/avr/5.4.0/avr5\libgcc.a(_divmodsi4.o)
 .text.libgcc.fixed
                0x00000000        0x0 c:/program files (x86)/atmel/studio/7.0/toolchain/avr8/avr8-gnu-toolchain/bin/../lib/gcc/avr/5.4.0/avr5\libgcc.a(_divmodsi4.o)
 .text          0x00000000        0x0 c:/program files (x86)/atmel/studio/7.0/toolchain/avr8/avr8-gnu-toolchain/bin/../lib/gcc/avr/5.4.0/avr5\libgcc.a(_negsi2.o)
 .data          0x00000000        0x0 c:/program files (x86)/atmel/studio/7.0/toolchain/avr8/avr8-gnu-toolchain/bin/../lib/gcc/avr/5.4.0/avr5\libgcc.a(_negsi2.o)
 .bss           0x00000000        0x0 c:/program files (x86)/atmel/studio/7.0/toolchain/avr8/avr8-gnu-toolchain/bin/../lib/gcc/avr/5.4.0/avr5\libgcc.a(_negsi2.o)
 .text.libgcc.mul
                0x00000000        0x0 c:/program files (x86)/atmel/studio/7.0/toolchain/avr8/avr8-gnu-toolchain/bin/../lib/gcc/avr/5.4.0/avr5\libgcc.a(_negsi2.o)
 .text.libgcc   0x00000000        0x0 c:/program files (x86)/atmel/studio/7.0/toolchain/avr8/avr8-gnu-toolchain/bin/../lib/gcc/avr/5.4.0/avr5\libgcc.a(_negsi2.o)
 .text.libgcc.prologue
                0x00000000        0x0 c:/program files (x86)/atmel/studio/7.0/toolchain/avr8/avr8-gnu-toolchain/bin/../lib/gcc/avr/5.4.0/avr5\libgcc.a(_negsi2.o)
 .text.libgcc.builtins
                0x00000000        0x0 c:/program files (x86)/atmel/studio/7.0/toolchain/avr8/avr8-gnu-toolchain/bin/../lib/gcc/avr/5.4.0/avr5\libgcc.a(_negsi2.o)
 .text.libgcc.fmul
                0x00000000        0x0 c:/program files (x86)/atmel/studio/7.0/toolchain/avr8/avr8-gnu-toolchain/bin/../lib/gcc/avr/5.4.0/avr5\libgcc.a(_negsi2.o)
 .text.libgcc.fixed
                0x00000000        0x0 c:/program files (x86)/atmel/studio/7.0/toolchain/avr8/avr8-gnu-toolchain/bin/../lib/gcc/avr/5.4.0/avr5\libgcc.a(_negsi2.o)
 .text          0x00000000        0x0 c:/program files (x86)/atmel/studio/7.0/toolchain/avr8/avr8-gnu-toolchain/bin/../lib/gcc/avr/5.4.0/avr5\libgcc.a(_exit.o)
 .data          0x00000000        0x0 c:/program files (x86)/atmel/studio/7.0/toolchain/avr8/avr8-gnu-toolchain/bin/../lib/gcc/avr/5.4.0/avr5\libgcc.a(_exit.o)
 .bss           0x00000000        0x0 c:/program files (x86)/atmel/studio/7.0/toolchain/avr8/avr8-gnu-toolchain/bin/../lib/gcc/avr/5.4.0/avr5\libgcc.a(_exit.o)
 .text.libgcc.mul
                0x00000000        0x0 c:/program files (x86)/atmel/studio/7.0/toolchain/avr8/avr8-gnu-toolchain/bin/../lib/gcc/avr/5.4.0/avr5\libgcc.a(_exit.o)
 .text.libgcc.div
                0x00000000        0x0 c:/program files (x86)/atmel/studio/7.0/toolchain/avr8/avr8-gnu-toolchain/bin/../lib/gcc/avr/5.4.0/avr5\libgcc.a(_exit.o)
 .text.libgcc   0x00000000        0x0 c:/program files (x86)/atmel/studio/7.0/toolchain/avr8/avr8-gnu-toolchain/bin/../lib/gcc/avr/5.4.0/avr5\libgcc.a(_exit.o)
 .text.libgcc.prologue
                0x00000000        0x0 c:/program files (x86)/atmel/studio/7.0/toolchain/avr8/avr8-gnu-toolchain/bin/../lib/gcc/avr/5.4.0/avr5\libgcc.a(_exit.o)
 .text.libgcc.builtins
                0x00000000        0x0 c:/program files (x86)/atmel/studio/7.0/toolchain/avr8/avr8-gnu-toolchain/bin/../lib/gcc/avr/5.4.0/avr5\libgcc.a(_exit.o)
 .text.libgcc.fmul
                0x00000000        0x0 c:/program files (x86)/atmel/studio/7.0/toolchain/avr8/avr8-gnu-toolchain/bin/../lib/gcc/avr/5.4.0/avr5\libgcc.a(_exit.o)
 .text.libgcc.fixed
                0x00000000        0x0 c:/program files (x86)/atmel/studio/7.0/toolchain/avr8/avr8-gnu-toolchain/bin/../lib/gcc/avr/5.4.0/avr5\libgcc.a(_exit.o)
 .text          0x00000000        0x0 c:/program files (x86)/atmel/studio/7.0/toolchain/avr8/avr8-gnu-toolchain/bin/../lib/gcc/avr/5.4.0/avr5\libgcc.a(_tablejump2.o)
 .data          0x00000000        0x0 c:/program files (x86)/atmel/studio/7.0/toolchain/avr8/avr8-gnu-toolchain/bin/../lib/gcc/avr/5.4.0/avr5\libgcc.a(_tablejump2.o)
 .bss           0x00000000        0x0 c:/program files (x86)/atmel/studio/7.0/toolchain/avr8/avr8-gnu-toolchain/bin/../lib/gcc/avr/5.4.0/avr5\libgcc.a(_tablejump2.o)
 .text.libgcc.mul
                0x00000000        0x0 c:/program files (x86)/atmel/studio/7.0/toolchain/avr8/avr8-gnu-toolchain/bin/../lib/gcc/avr/5.4.0/avr5\libgcc.a(_tablejump2.o)
 .text.libgcc.div
                0x00000000        0x0 c:/program files (x86)/atmel/studio/7.0/toolchain/avr8/avr8-gnu-toolchain/bin/../lib/gcc/avr/5.4.0/avr5\libgcc.a(_tablejump2.o)
 .text.libgcc.prologue
                0x00000000        0x0 c:/program files (x86)/atmel/studio/7.0/toolchain/avr8/avr8-gnu-toolchain/bin/../lib/gcc/avr/5.4.0/avr5\libgcc.a(_tablejump2.o)
 .text.libgcc.builtins
                0x00000000        0x0 c:/program files (x86)/atmel/studio/7.0/toolchain/avr8/avr8-gnu-toolchain/bin/../lib/gcc/avr/5.4.0/avr5\libgcc.a(_tablejump2.o)
 .text.libgcc.fmul
                0x00000000        0x0 c:/program files (x86)/atmel/studio/7.0/toolchain/avr8/avr8-gnu-toolchain/bin/../lib/gcc/avr/5.4.0/avr5\libgcc.a(_tablejump2.o)
 .text.libgcc.fixed
                0x00000000        0x0 c:/program files (x86)/atmel/studio/7.0/toolchain/avr8/avr8-gnu-toolchain/bin/../lib/gcc/avr/5.4.0/avr5\libgcc.a(_tablejump2.o)
 .text          0x00000000        0x0 c:/program files (x86)/atmel/studio/7.0/toolchain/avr8/avr8-gnu-toolchain/bin/../lib/gcc/avr/5.4.0/avr5\libgcc.a(_copy_data.o)
 .data          0x00000000        0x0 c:/program files (x86)/atmel/studio/7.0/toolchain/avr8/avr8-gnu-toolchain/bin/../lib/gcc/avr/5.4.0/avr5\libgcc.a(_copy_data.o)
 .bss           0x00000000        0x0 c:/program files (x86)/atmel/studio/7.0/toolchain/avr8/avr8-gnu-toolchain/bin/../lib/gcc/avr/5.4.0/avr5\libgcc.a(_copy_data.o)
 .text.libgcc.mul
                0x00000000        0x0 c:/program files (x86)/atmel/studio/7.0/toolchain/avr8/avr8-gnu-toolchain/bin/../lib/gcc/avr/5.4.0/avr5\libgcc.a(_copy_data.o)
 .text.libgcc.div
                0x00000000        0x0 c:/program files (x86)/atmel/studio/7.0/toolchain/avr8/avr8-gnu-toolchain/bin/../lib/gcc/avr/5.4.0/avr5\libgcc.a(_copy_data.o)
 .text.libgcc   0x00000000        0x0 c:/program files (x86)/atmel/studio/7.0/toolchain/avr8/avr8-gnu-toolchain/bin/../lib/gcc/avr/5.4.0/avr5\libgcc.a(_copy_data.o)
 .text.libgcc.prologue
                0x00000000        0x0 c:/program files (x86)/atmel/studio/7.0/toolchain/avr8/avr8-gnu-toolchain/bin/../lib/gcc/avr/5.4.0/avr5\libgcc.a(_copy_data.o)
 .text.libgcc.builtins
                0x00000000        0x0 c:/program files (x86)/atmel/studio/7.0/toolchain/avr8/avr8-gnu-toolchain/bin/../lib/gcc/avr/5.4.0/avr5\libgcc.a(_copy_data.o)
 .text.libgcc.fmul
                0x00000000        0x0 c:/program files (x86)/atmel/studio/7.0/toolchain/avr8/avr8-gnu-toolchain/bin/../lib/gcc/avr/5.4.0/avr5\libgcc.a(_copy_data.o)
 .text.libgcc.fixed
                0x00000000        0x0 c:/program files (x86)/atmel/studio/7.0/toolchain/avr8/avr8-gnu-toolchain/bin/../lib/gcc/avr/5.4.0/avr5\libgcc.a(_copy_data.o)
 .text          0x00000000        0x0 c:/program files (x86)/atmel/studio/7.0/toolchain/avr8/avr8-gnu-toolchain/bin/../lib/gcc/avr/5.4.0/avr5\libgcc.a(_clear_bss.o)
 .data          0x00000000        0x0 c:/program files (x86)/atmel/studio/7.0/toolchain/avr8/avr8-gnu-toolchain/bin/../lib/gcc/avr/5.4.0/avr5\libgcc.a(_clear_bss.o)
 .bss           0x00000000        0x0 c:/program files (x86)/atmel/studio/7.0/toolchain/avr8/avr8-gnu-toolchain/bin/../lib/gcc/avr/5.4.0/avr5\libgcc.a(_clear_bss.o)
 .text.libgcc.mul
                0x00000000        0x0 c:/program files (x86)/atmel/studio/7.0/toolchain/avr8/avr8-gnu-toolchain/bin/../lib/gcc/avr/5.4.0/avr5\libgcc.a(_clear_bss.o)
 .text.libgcc.div
                0x00000000        0x0 c:/program files (x86)/atmel/studio/7.0/toolchain/avr8/avr8-gnu-toolchain/bin/../lib/gcc/avr/5.4.0/avr5\libgcc.a(_clear_bss.o)
 .text.libgcc   0x00000000        0x0 c:/program files (x86)/atmel/studio/7.0/toolchain/avr8/avr8-gnu-toolchain/bin/../lib/gcc/avr/5.4.0/avr5\libgcc.a(_clear_bss.o)
 .text.libgcc.prologue
                0x00000000        0x0 c:/program files (x86)/atmel/studio/7.0/toolchain/avr8/avr8-gnu-toolchain/bin/../lib/gcc/avr/5.4.0/avr5\libgcc.a(_clear_bss.o)
 .text.libgcc.builtins
                0x00000000        0x0 c:/program files (x86)/atmel/studio/7.0/toolchain/avr8/avr8-gnu-toolchain/bin/../lib/gcc/avr/5.4.0/avr5\libgcc.a(_clear_bss.o)
 .text.libgcc.fmul
                0x00000000        0x0 c:/program files (x86)/atmel/studio/7.0/toolchain/avr8/avr8-gnu-toolchain/bin/../lib/gcc/avr/5.4.0/avr5\libgcc.a(_clear_bss.o)
 .text.libgcc.fixed
                0x00000000        0x0 c:/program files (x86)/atmel/studio/7.0/toolchain/avr8/avr8-gnu-toolchain/bin/../lib/gcc/avr/5.4.0/avr5\libgcc.a(_clear_bss.o)
 .text          0x00000000        0x0 c:/program files (x86)/atmel/studio/7.0/toolchain/avr8/avr8-gnu-toolchain/bin/../lib/gcc/avr/5.4.0/avr5\libgcc.a(_umulhisi3.o)
 .data          0x00000000        0x0 c:/program files (x86)/atmel/studio/7.0/toolchain/avr8/avr8-gnu-toolchain/bin/../lib/gcc/avr/5.4.0/avr5\libgcc.a(_umulhisi3.o)
 .bss           0x00000000        0x0 c:/program files (x86)/atmel/studio/7.0/toolchain/avr8/avr8-gnu-toolchain/bin/../lib/gcc/avr/5.4.0/avr5\libgcc.a(_umulhisi3.o)
 .text.libgcc.div
                0x00000000        0x0 c:/program files (x86)/atmel/studio/7.0/toolchain/avr8/avr8-gnu-toolchain/bin/../lib/gcc/avr/5.4.0/avr5\libgcc.a(_umulhisi3.o)
 .text.libgcc   0x00000000        0x0 c:/program files (x86)/atmel/studio/7.0/toolchain/avr8/avr8-gnu-toolchain/bin/../lib/gcc/avr/5.4.0/avr5\libgcc.a(_umulhisi3.o)
 .text.libgcc.prologue
                0x00000000        0x0 c:/program files (x86)/atmel/studio/7.0/toolchain/avr8/avr8-gnu-toolchain/bin/../lib/gcc/avr/5.4.0/avr5\libgcc.a(_umulhisi3.o)
 .text.libgcc.builtins
                0x00000000        0x0 c:/program files (x86)/atmel/studio/7.0/toolchain/avr8/avr8-gnu-toolchain/bin/../lib/gcc/avr/5.4.0/avr5\libgcc.a(_umulhisi3.o)
 .text.libgcc.fmul
                0x00000000        0x0 c:/program files (x86)/atmel/studio/7.0/toolchain/avr8/avr8-gnu-toolchain/bin/../lib/gcc/avr/5.4.0/avr5\libgcc.a(_umulhisi3.o)
 .text.libgcc.fixed
                0x00000000        0x0 c:/program files (x86)/atmel/studio/7.0/toolchain/avr8/avr8-gnu-toolchain/bin/../lib/gcc/avr/5.4.0/avr5\libgcc.a(_umulhisi3.o)
 .text          0x00000000        0x0 c:/program files (x86)/atmel/studio/7.0/toolchain/avr8/avr8-gnu-toolchain/bin/../lib/gcc/avr/5.4.0/avr5\libgcc.a(_udivmodhi4.o)
 .data          0x00000000        0x0 c:/program files (x86)/atmel/studio/7.0/toolchain/avr8/avr8-gnu-toolchain/bin/../lib/gcc/avr/5.4.0/avr5\libgcc.a(_udivmodhi4.o)
 .bss           0x00000000        0x0 c:/program files (x86)/atmel/studio/7.0/toolchain/avr8/avr8-gnu-toolchain/bin/../lib/gcc/avr/5.4.0/avr5\libgcc.a(_udivmodhi4.o)
 .text.libgcc.mul
                0x00000000        0x0 c:/program files (x86)/atmel/studio/7.0/toolchain/avr8/avr8-gnu-toolchain/bin/../lib/gcc/avr/5.4.0/avr5\libgcc.a(_udivmodhi4.o)
 .text.libgcc   0x00000000        0x0 c:/program files (x86)/atmel/studio/7.0/toolchain/avr8/avr8-gnu-toolchain/bin/../lib/gcc/avr/5.4.0/avr5\libgcc.a(_udivmodhi4.o)
 .text.libgcc.prologue
                0x00000000        0x0 c:/program files (x86)/atmel/studio/7.0/toolchain/avr8/avr8-gnu-toolchain/bin/../lib/gcc/avr/5.4.0/avr5\libgcc.a(_udivmodhi4.o)
 .text.libgcc.builtins
                0x00000000        0x0 c:/program files (x86)/atmel/studio/7.0/toolchain/avr8/avr8-gnu-toolchain/bin/../lib/gcc/avr/5.4.0/avr5\libgcc.a(_udivmodhi4.o)
 .text.libgcc.fmul
                0x00000000        0x0 c:/program files (x86)/atmel/studio/7.0/toolchain/avr8/avr8-gnu-toolchain/bin/../lib/gcc/avr/5.4.0/avr5\libgcc.a(_udivmodhi4.o)
 .text.libgcc.fixed
                0x00000000        0x0 c:/program files (x86)/atmel/studio/7.0/toolchain/avr8/avr8-gnu-toolchain/bin/../lib/gcc/avr/5.4.0/avr5\libgcc.a(_udivmodhi4.o)

Memory Configuration

Name             Origin             Length             Attributes
text             0x00000000         0x00008000         xr
data             0x00800100         0x00000800         rw !x
eeprom           0x00810000         0x00000400         rw !x
fuse             0x00820000         0x00000003         rw !x
lock             0x00830000         0x00000400         rw !x
signature        0x00840000         0x00000400         rw !x
user_signatures  0x00850000         0x00000400         rw !x
*default*        0x00000000         0xffffffff

Linker script and memory map

Address of section .data set to 0x800100
LOAD C:/Program Files (x86)/Atmel/Studio/7.0/Packs/atmel/ATmega_DFP/1.7.374/gcc/dev/atmega328p/avr5/crtatmega328p.o
LOAD App/main.o
LOAD Hal/Buzzer/Buzzer.o
LOAD Hal/eeprom/eeprom.o
LOAD Hal/KeyPad/KeyPad.o
LOAD Hal/Lcd/Lcd.o
LOAD Hal/Led/Led.o
LOAD Hal/LM293/LM293.o
LOAD Hal/PushButton/PushButton.o
LOAD Hal/Ssd/Ssd.o
LOAD Hal/TempSensor/TempSensor.o
LOAD Hal/UltraSonic/UltraSonic.o
LOAD Mcal/Adc/Adc.o
LOAD Mcal/Dio/Dio.o
LOAD Mcal/Extint/Extint.o
LOAD Mcal/GIE/GIE.o
LOAD Mcal/I2C/I2c.o
LOAD Mcal/SPI/Spi.o
LOAD Mcal/Timer/Timer.o
LOAD Mcal/Uart/Uart.o
START GROUP
LOAD c:/program files (x86)/atmel/studio/7.0/toolchain/avr8/avr8-gnu-toolchain/bin/../lib/gcc/avr/5.4.0/../../../../avr/lib/avr5\libm.a
END GROUP
START GROUP
LOAD c:/program files (x86)/atmel/studio/7.0/toolchain/avr8/avr8-gnu-toolchain/bin/../lib/gcc/avr/5.4.0/avr5\libgcc.a
LOAD c:/program files (x86)/atmel/studio/7.0/toolchain/avr8/avr8-gnu-toolchain/bin/../lib/gcc/avr/5.4.0/../../../../avr/lib/avr5\libm.a
LOAD c:/program files (x86)/atmel/studio/7.0/toolchain/avr8/avr8-gnu-toolchain/bin/../lib/gcc/avr/5.4.0/../../../../avr/lib/avr5\libc.a
LOAD C:/Program Files (x86)/Atmel/Studio/7.0/Packs/atmel/ATmega_DFP/1.7.374/gcc/dev/atmega328p/avr5\libatmega328p.a
END GROUP
                0x00000000                __TEXT_REGION_ORIGIN__ = DEFINED (__TEXT_REGION_ORIGIN__)?__TEXT_REGION_ORIGIN__:0x0
                [0x00800100]                __DATA_REGION_ORIGIN__ = DEFINED (__DATA_REGION_ORIGIN__)?__DATA_REGION_ORIGIN__:0x800060
                [0x00008000]                __TEXT_REGION_LENGTH__ = DEFINED (__TEXT_REGION_LENGTH__)?__TEXT_REGION_LENGTH__:0x20000
                [0x00000800]                __DATA_REGION_LENGTH__ = DEFINED (__DATA_REGION_LENGTH__)?__DATA_REGION_LENGTH__:0xffa0
                [0x00000400]                __EEPROM_REGION_LENGTH__ = DEFINED (__EEPROM_REGION_LENGTH__)?__EEPROM_REGION_LENGTH__:0x10000
                [0x00000003]                __FUSE_REGION_LENGTH__ = DEFINED (__FUSE_REGION_LENGTH__)?__FUSE_REGION_LENGTH__:0x400
                0x00000400                __LOCK_REGION_LENGTH__ = DEFINED (__LOCK_REGION_LENGTH__)?__LOCK_REGION_LENGTH__:0x400
                0x00000400                __SIGNATURE_REGION_LENGTH__ = DEFINED (__SIGNATURE_REGION_LENGTH__)?__SIGNATURE_REGION_LENGTH__:0x400
                0x00000400                __USER_SIGNATURE_REGION_LENGTH__ = DEFINED (__USER_SIGNATURE_REGION_LENGTH__)?__USER_SIGNATURE_REGION_LENGTH__:0x400

.hash
 *(.hash)

.dynsym
 *(.dynsym)

.dynstr
 *(.dynstr)

.gnu.version
 *(.gnu.version)

.gnu.version_d
 *(.gnu.version_d)

.gnu.version_r
 *(.gnu.version_r)

.rel.init
 *(.rel.init)

.rela.init
 *(.rela.init)

.rel.text
 *(.rel.text)
 *(.rel.text.*)
 *(.rel.gnu.linkonce.t*)

.rela.text
 *(.rela.text)
 *(.rela.text.*)
 *(.rela.gnu.linkonce.t*)

.rel.fini
 *(.rel.fini)

.rela.fini
 *(.rela.fini)

.rel.rodata
 *(.rel.rodata)
 *(.rel.rodata.*)
 *(.rel.gnu.linkonce.r*)

.rela.rodata
 *(.rela.rodata)
 *(.rela.rodata.*)
 *(.rela.gnu.linkonce.r*)

.rel.data
 *(.rel.data)
 *(.rel.data.*)
 *(.rel.gnu.linkonce.d*)

.rela.data
 *(.rela.data)
 *(.rela.data.*)
 *(.rela.gnu.linkonce.d*)

.rel.ctors
 *(.rel.ctors)

.rela.ctors
 *(.rela.ctors)

.rel.dtors
 *(.rel.dtors)

.rela.dtors
 *(.rela.dtors)

.rel.got
 *(.rel.got)

.rela.got
 *(.rela.got)

.rel.bss
 *(.rel.bss)

.rela.bss
 *(.rela.bss)

.rel.plt
 *(.rel.plt)

.rela.plt
 *(.rela.plt)

.text           0x00000000      0xe94
 *(.vectors)
 .vectors       0x00000000       0x68 C:/Program Files (x86)/Atmel/Studio/7.0/Packs/atmel/ATmega_DFP/1.7.374/gcc/dev/atmega328p/avr5/crtatmega328p.o
                0x00000000                __vector_default
                0x00000000                __vectors
 *(.vectors)
 *(.progmem.gcc*)
 .progmem.gcc_sw_table.M_Adc_u16_Read
                0x00000068       0x10 Mcal/Adc/Adc.o
                0x00000078                . = ALIGN (0x2)
                0x00000078                __trampolines_start = .
 *(.trampolines)
 .trampolines   0x00000078        0x0 linker stubs
 *(.trampolines*)
                0x00000078                __trampolines_end = .
 *libprintf_flt.a:*(.progmem.data)
 *libc.a:*(.progmem.data)
 *(.progmem*)
                0x00000078                . = ALIGN (0x2)
 *(.jumptables)
 *(.jumptables*)
 *(.lowtext)
 *(.lowtext*)
                0x00000078                __ctors_start = .
 *(.ctors)
                0x00000078                __ctors_end = .
                0x00000078                __dtors_start = .
 *(.dtors)
                0x00000078                __dtors_end = .
 SORT(*)(.ctors)
 SORT(*)(.dtors)
 *(.init0)
 .init0         0x00000078        0x0 C:/Program Files (x86)/Atmel/Studio/7.0/Packs/atmel/ATmega_DFP/1.7.374/gcc/dev/atmega328p/avr5/crtatmega328p.o
                0x00000078                __init
 *(.init0)
 *(.init1)
 *(.init1)
 *(.init2)
 .init2         0x00000078        0xc C:/Program Files (x86)/Atmel/Studio/7.0/Packs/atmel/ATmega_DFP/1.7.374/gcc/dev/atmega328p/avr5/crtatmega328p.o
 *(.init2)
 *(.init3)
 *(.init3)
 *(.init4)
 .init4         0x00000084       0x16 c:/program files (x86)/atmel/studio/7.0/toolchain/avr8/avr8-gnu-toolchain/bin/../lib/gcc/avr/5.4.0/avr5\libgcc.a(_copy_data.o)
                0x00000084                __do_copy_data
 .init4         0x0000009a       0x10 c:/program files (x86)/atmel/studio/7.0/toolchain/avr8/avr8-gnu-toolchain/bin/../lib/gcc/avr/5.4.0/avr5\libgcc.a(_clear_bss.o)
                0x0000009a                __do_clear_bss
 *(.init4)
 *(.init5)
 *(.init5)
 *(.init6)
 *(.init6)
 *(.init7)
 *(.init7)
 *(.init8)
 *(.init8)
 *(.init9)
 .init9         0x000000aa        0x8 C:/Program Files (x86)/Atmel/Studio/7.0/Packs/atmel/ATmega_DFP/1.7.374/gcc/dev/atmega328p/avr5/crtatmega328p.o
 *(.init9)
 *(.text)
 .text          0x000000b2        0x4 C:/Program Files (x86)/Atmel/Studio/7.0/Packs/atmel/ATmega_DFP/1.7.374/gcc/dev/atmega328p/avr5/crtatmega328p.o
                0x000000b2                __vector_22
                0x000000b2                __vector_24
                0x000000b2                __vector_12
                0x000000b2                __bad_interrupt
                0x000000b2                __vector_6
                0x000000b2                __vector_3
                0x000000b2                __vector_23
                0x000000b2                __vector_25
                0x000000b2                __vector_11
                0x000000b2                __vector_13
                0x000000b2                __vector_17
                0x000000b2                __vector_19
                0x000000b2                __vector_7
                0x000000b2                __vector_5
                0x000000b2                __vector_4
                0x000000b2                __vector_9
                0x000000b2                __vector_2
                0x000000b2                __vector_21
                0x000000b2                __vector_8
                0x000000b2                __vector_18
                0x000000b2                __vector_20
                0x000000b6                . = ALIGN (0x2)
 *(.text.*)
 .text.APP_Main_U8_CompareString
                0x000000b6       0x52 App/main.o
                0x000000b6                APP_Main_U8_CompareString
 .text.APP_Main_Void_CheckingPassword
                0x00000108      0x144 App/main.o
                0x00000108                APP_Main_Void_CheckingPassword
 .text.main     0x0000024c      0x150 App/main.o
                0x0000024c                main
 .text.H_Void_KeyPad_Init
                0x0000039c       0x62 Hal/KeyPad/KeyPad.o
                0x0000039c                H_Void_KeyPad_Init
 .text.H_u8_KeyPad_Read
                0x000003fe       0xcc Hal/KeyPad/KeyPad.o
                0x000003fe                H_u8_KeyPad_Read
 .text.H_Lcd_Void_WriteCharacter
                0x000004ca       0x7a Hal/Lcd/Lcd.o
                0x000004ca                H_Lcd_Void_WriteCharacter
 .text.H_Lcd_Void_WriteString
                0x00000544       0x2c Hal/Lcd/Lcd.o
                0x00000544                H_Lcd_Void_WriteString
 .text.H_Lcd_Void_WriteCommand
                0x00000570       0x7a Hal/Lcd/Lcd.o
                0x00000570                H_Lcd_Void_WriteCommand
 .text.H_Lcd_Void_Init
                0x000005ea       0x68 Hal/Lcd/Lcd.o
                0x000005ea                H_Lcd_Void_Init
 .text.H_Lcd_Void_WriteNum
                0x00000652      0x106 Hal/Lcd/Lcd.o
                0x00000652                H_Lcd_Void_WriteNum
 .text.H_Lcd_Void_ClrLcd
                0x00000758        0x8 Hal/Lcd/Lcd.o
                0x00000758                H_Lcd_Void_ClrLcd
 .text.H_Lcd_Void_GoTo
                0x00000760       0x36 Hal/Lcd/Lcd.o
                0x00000760                H_Lcd_Void_GoTo
 .text.H_Led_void_Init
                0x00000796       0x2a Hal/Led/Led.o
                0x00000796                H_Led_void_Init
 .text.H_Led_void_On
                0x000007c0       0x2a Hal/Led/Led.o
                0x000007c0                H_Led_void_On
 .text.H_Led_void_Off
                0x000007ea       0x2a Hal/Led/Led.o
                0x000007ea                H_Led_void_Off
 .text.H_Void_Lm293Init
                0x00000814        0xa Hal/LM293/LM293.o
                0x00000814                H_Void_Lm293Init
 .text.H_Void_Lm293WritePwm
                0x0000081e        0x6 Hal/LM293/LM293.o
                0x0000081e                H_Void_Lm293WritePwm
 .text.H_Void_TempSensor_Init
                0x00000824        0x6 Hal/TempSensor/TempSensor.o
                0x00000824                H_Void_TempSensor_Init
 .text.H_u16_TempSensor_Read
                0x0000082a       0x1e Hal/TempSensor/TempSensor.o
                0x0000082a                H_u16_TempSensor_Read
 .text.M_Adc_Void_Init
                0x00000848       0x3a Mcal/Adc/Adc.o
                0x00000848                M_Adc_Void_Init
 .text.M_Adc_u16_Read
                0x00000882      0x120 Mcal/Adc/Adc.o
                0x00000882                M_Adc_u16_Read
 .text.M_Dio_Void_PinMode
                0x000009a2       0xd2 Mcal/Dio/Dio.o
                0x000009a2                M_Dio_Void_PinMode
 .text.M_Dio_Void_PinWrite
                0x00000a74       0xd2 Mcal/Dio/Dio.o
                0x00000a74                M_Dio_Void_PinWrite
 .text.M_Dio_U8_PinRead
                0x00000b46       0x6c Mcal/Dio/Dio.o
                0x00000b46                M_Dio_U8_PinRead
 .text.__vector_1
                0x00000bb2       0x4e Mcal/Extint/Extint.o
                0x00000bb2                __vector_1
 .text.M_Timer_Void_Timer0Init
                0x00000c00       0x20 Mcal/Timer/Timer.o
                0x00000c00                M_Timer_Void_Timer0Init
 .text.M_Timer_Void_Timer0Start
                0x00000c20        0xe Mcal/Timer/Timer.o
                0x00000c20                M_Timer_Void_Timer0Start
 .text.M_Timer_void_FastPwm_Write
                0x00000c2e       0x2e Mcal/Timer/Timer.o
                0x00000c2e                M_Timer_void_FastPwm_Write
 .text.__vector_16
                0x00000c5c       0x4e Mcal/Timer/Timer.o
                0x00000c5c                __vector_16
 .text.__vector_14
                0x00000caa       0x4e Mcal/Timer/Timer.o
                0x00000caa                __vector_14
 .text.__vector_15
                0x00000cf8       0x4e Mcal/Timer/Timer.o
                0x00000cf8                __vector_15
 .text.__vector_10
                0x00000d46       0x4e Mcal/Timer/Timer.o
                0x00000d46                __vector_10
 .text.libgcc.div
                0x00000d94       0x28 c:/program files (x86)/atmel/studio/7.0/toolchain/avr8/avr8-gnu-toolchain/bin/../lib/gcc/avr/5.4.0/avr5\libgcc.a(_divmodhi4.o)
                0x00000d94                _div
                0x00000d94                __divmodhi4
 .text.libgcc.div
                0x00000dbc       0x44 c:/program files (x86)/atmel/studio/7.0/toolchain/avr8/avr8-gnu-toolchain/bin/../lib/gcc/avr/5.4.0/avr5\libgcc.a(_udivmodsi4.o)
                0x00000dbc                __udivmodsi4
 .text.libgcc.div
                0x00000e00       0x2e c:/program files (x86)/atmel/studio/7.0/toolchain/avr8/avr8-gnu-toolchain/bin/../lib/gcc/avr/5.4.0/avr5\libgcc.a(_divmodsi4.o)
                0x00000e00                __divmodsi4
 .text.libgcc.div
                0x00000e2e       0x10 c:/program files (x86)/atmel/studio/7.0/toolchain/avr8/avr8-gnu-toolchain/bin/../lib/gcc/avr/5.4.0/avr5\libgcc.a(_negsi2.o)
                0x00000e2e                __negsi2
 .text.libgcc   0x00000e3e        0xc c:/program files (x86)/atmel/studio/7.0/toolchain/avr8/avr8-gnu-toolchain/bin/../lib/gcc/avr/5.4.0/avr5\libgcc.a(_tablejump2.o)
                0x00000e3e                __tablejump2__
 .text.libgcc.mul
                0x00000e4a       0x1e c:/program files (x86)/atmel/studio/7.0/toolchain/avr8/avr8-gnu-toolchain/bin/../lib/gcc/avr/5.4.0/avr5\libgcc.a(_umulhisi3.o)
                0x00000e4a                __umulhisi3
 .text.libgcc.div
                0x00000e68       0x28 c:/program files (x86)/atmel/studio/7.0/toolchain/avr8/avr8-gnu-toolchain/bin/../lib/gcc/avr/5.4.0/avr5\libgcc.a(_udivmodhi4.o)
                0x00000e68                __udivmodhi4
                0x00000e90                . = ALIGN (0x2)
 *(.fini9)
 .fini9         0x00000e90        0x0 c:/program files (x86)/atmel/studio/7.0/toolchain/avr8/avr8-gnu-toolchain/bin/../lib/gcc/avr/5.4.0/avr5\libgcc.a(_exit.o)
                0x00000e90                _exit
                0x00000e90                exit
 *(.fini9)
 *(.fini8)
 *(.fini8)
 *(.fini7)
 *(.fini7)
 *(.fini6)
 *(.fini6)
 *(.fini5)
 *(.fini5)
 *(.fini4)
 *(.fini4)
 *(.fini3)
 *(.fini3)
 *(.fini2)
 *(.fini2)
 *(.fini1)
 *(.fini1)
 *(.fini0)
 .fini0         0x00000e90        0x4 c:/program files (x86)/atmel/studio/7.0/toolchain/avr8/avr8-gnu-toolchain/bin/../lib/gcc/avr/5.4.0/avr5\libgcc.a(_exit.o)
 *(.fini0)
                0x00000e94                _etext = .

.data           0x00800100       0xba load address 0x00000e94
                0x00800100                PROVIDE (__data_start, .)
 *(.data)
 *(.data*)
 *(.gnu.linkonce.d*)
 *(.rodata)
 .rodata        0x00800100       0x10 App/main.o
 .rodata        0x00800110       0x10 Hal/KeyPad/KeyPad.o
 *(.rodata*)
 .rodata.str1.1
                0x00800120       0x99 App/main.o
 *(.gnu.linkonce.r*)
                0x008001ba                . = ALIGN (0x2)
 *fill*         0x008001b9        0x1 
                0x008001ba                _edata = .
                0x008001ba                PROVIDE (__data_end, .)

.bss            0x008001ba        0xa
                0x008001ba                PROVIDE (__bss_start, .)
 *(.bss)
 *(.bss*)
 *(COMMON)
 COMMON         0x008001ba        0x2 Mcal/Extint/Extint.o
                0x008001ba                CallBack
 COMMON         0x008001bc        0x8 Mcal/Timer/Timer.o
                0x008001bc                ptr_CallBackIcu
                0x008001be                ptr_CallBack
                0x008001c4                PROVIDE (__bss_end, .)
                0x00000e94                __data_load_start = LOADADDR (.data)
                0x00000f4e                __data_load_end = (__data_load_start + SIZEOF (.data))

.noinit         0x008001c4        0x0
                [!provide]                PROVIDE (__noinit_start, .)
 *(.noinit*)
                [!provide]                PROVIDE (__noinit_end, .)
                0x008001c4                _end = .
                [!provide]                PROVIDE (__heap_start, .)

.eeprom         0x00810000        0x0
 *(.eeprom*)
                0x00810000                __eeprom_end = .

.fuse
 *(.fuse)
 *(.lfuse)
 *(.hfuse)
 *(.efuse)

.lock
 *(.lock*)

.signature
 *(.signature*)

.user_signatures
 *(.user_signatures*)

.stab
 *(.stab)

.stabstr
 *(.stabstr)

.stab.excl
 *(.stab.excl)

.stab.exclstr
 *(.stab.exclstr)

.stab.index
 *(.stab.index)

.stab.indexstr
 *(.stab.indexstr)

.comment        0x00000000       0x30
 *(.comment)
 .comment       0x00000000       0x30 App/main.o
                                 0x31 (size before relaxing)
 .comment       0x00000030       0x31 Hal/KeyPad/KeyPad.o
 .comment       0x00000030       0x31 Hal/Lcd/Lcd.o
 .comment       0x00000030       0x31 Hal/Led/Led.o
 .comment       0x00000030       0x31 Hal/LM293/LM293.o
 .comment       0x00000030       0x31 Hal/TempSensor/TempSensor.o
 .comment       0x00000030       0x31 Mcal/Adc/Adc.o
 .comment       0x00000030       0x31 Mcal/Dio/Dio.o
 .comment       0x00000030       0x31 Mcal/Extint/Extint.o
 .comment       0x00000030       0x31 Mcal/Timer/Timer.o

.note.gnu.avr.deviceinfo
                0x00000000       0x40
 .note.gnu.avr.deviceinfo
                0x00000000       0x40 C:/Program Files (x86)/Atmel/Studio/7.0/Packs/atmel/ATmega_DFP/1.7.374/gcc/dev/atmega328p/avr5/crtatmega328p.o

.note.gnu.build-id
 *(.note.gnu.build-id)

.debug
 *(.debug)

.line
 *(.line)

.debug_srcinfo
 *(.debug_srcinfo)

.debug_sfnames
 *(.debug_sfnames)

.debug_aranges  0x00000000      0x2a0
 *(.debug_aranges)
 .debug_aranges
                0x00000000       0x30 App/main.o
 .debug_aranges
                0x00000030       0x28 Hal/KeyPad/KeyPad.o
 .debug_aranges
                0x00000058       0x50 Hal/Lcd/Lcd.o
 .debug_aranges
                0x000000a8       0x48 Hal/Led/Led.o
 .debug_aranges
                0x000000f0       0x28 Hal/LM293/LM293.o
 .debug_aranges
                0x00000118       0x28 Hal/TempSensor/TempSensor.o
 .debug_aranges
                0x00000140       0x28 Mcal/Adc/Adc.o
 .debug_aranges
                0x00000168       0x48 Mcal/Dio/Dio.o
 .debug_aranges
                0x000001b0       0x30 Mcal/Extint/Extint.o
 .debug_aranges
                0x000001e0       0xc0 Mcal/Timer/Timer.o

.debug_pubnames
 *(.debug_pubnames)

.debug_info     0x00000000     0x29e5
 *(.debug_info .gnu.linkonce.wi.*)
 .debug_info    0x00000000      0x5f4 C:/Program Files (x86)/Atmel/Studio/7.0/Packs/atmel/ATmega_DFP/1.7.374/gcc/dev/atmega328p/avr5/crtatmega328p.o
 .debug_info    0x000005f4      0x822 App/main.o
 .debug_info    0x00000e16      0x380 Hal/KeyPad/KeyPad.o
 .debug_info    0x00001196      0x6e6 Hal/Lcd/Lcd.o
 .debug_info    0x0000187c      0x745 Hal/Led/Led.o
 .debug_info    0x00001fc1      0x112 Hal/LM293/LM293.o
 .debug_info    0x000020d3      0x11e Hal/TempSensor/TempSensor.o
 .debug_info    0x000021f1       0xb8 Mcal/Adc/Adc.o
 .debug_info    0x000022a9      0x22a Mcal/Dio/Dio.o
 .debug_info    0x000024d3      0x11b Mcal/Extint/Extint.o
 .debug_info    0x000025ee      0x3f7 Mcal/Timer/Timer.o

.debug_abbrev   0x00000000      0xf20
 *(.debug_abbrev)
 .debug_abbrev  0x00000000      0x5a2 C:/Program Files (x86)/Atmel/Studio/7.0/Packs/atmel/ATmega_DFP/1.7.374/gcc/dev/atmega328p/avr5/crtatmega328p.o
 .debug_abbrev  0x000005a2      0x195 App/main.o
 .debug_abbrev  0x00000737      0x13d Hal/KeyPad/KeyPad.o
 .debug_abbrev  0x00000874      0x15e Hal/Lcd/Lcd.o
 .debug_abbrev  0x000009d2      0x100 Hal/Led/Led.o
 .debug_abbrev  0x00000ad2       0x8b Hal/LM293/LM293.o
 .debug_abbrev  0x00000b5d       0xb6 Hal/TempSensor/TempSensor.o
 .debug_abbrev  0x00000c13       0x6f Mcal/Adc/Adc.o
 .debug_abbrev  0x00000c82       0xb8 Mcal/Dio/Dio.o
 .debug_abbrev  0x00000d3a       0xaa Mcal/Extint/Extint.o
 .debug_abbrev  0x00000de4      0x13c Mcal/Timer/Timer.o

.debug_line     0x00000000     0x16c6
 *(.debug_line .debug_line.* .debug_line_end)
 .debug_line    0x00000000      0x134 C:/Program Files (x86)/Atmel/Studio/7.0/Packs/atmel/ATmega_DFP/1.7.374/gcc/dev/atmega328p/avr5/crtatmega328p.o
 .debug_line    0x00000134      0x3e7 App/main.o
 .debug_line    0x0000051b      0x203 Hal/KeyPad/KeyPad.o
 .debug_line    0x0000071e      0x358 Hal/Lcd/Lcd.o
 .debug_line    0x00000a76      0x2fd Hal/Led/Led.o
 .debug_line    0x00000d73       0x8d Hal/LM293/LM293.o
 .debug_line    0x00000e00       0x97 Hal/TempSensor/TempSensor.o
 .debug_line    0x00000e97      0x19a Mcal/Adc/Adc.o
 .debug_line    0x00001031      0x1f3 Mcal/Dio/Dio.o
 .debug_line    0x00001224      0x11f Mcal/Extint/Extint.o
 .debug_line    0x00001343      0x383 Mcal/Timer/Timer.o

.debug_frame    0x00000000      0x684
 *(.debug_frame)
 .debug_frame   0x00000000       0x8c App/main.o
 .debug_frame   0x0000008c       0x68 Hal/KeyPad/KeyPad.o
 .debug_frame   0x000000f4       0xfc Hal/Lcd/Lcd.o
 .debug_frame   0x000001f0       0x74 Hal/Led/Led.o
 .debug_frame   0x00000264       0x34 Hal/LM293/LM293.o
 .debug_frame   0x00000298       0x34 Hal/TempSensor/TempSensor.o
 .debug_frame   0x000002cc       0x34 Mcal/Adc/Adc.o
 .debug_frame   0x00000300       0x74 Mcal/Dio/Dio.o
 .debug_frame   0x00000374       0x8c Mcal/Extint/Extint.o
 .debug_frame   0x00000400      0x284 Mcal/Timer/Timer.o

.debug_str      0x00000000      0xc22
 *(.debug_str)
 .debug_str     0x00000000      0x208 C:/Program Files (x86)/Atmel/Studio/7.0/Packs/atmel/ATmega_DFP/1.7.374/gcc/dev/atmega328p/avr5/crtatmega328p.o
 .debug_str     0x00000208      0x441 App/main.o
                                0x475 (size before relaxing)
 .debug_str     0x00000649       0x68 Hal/KeyPad/KeyPad.o
                                0x28b (size before relaxing)
 .debug_str     0x000006b1       0xb5 Hal/Lcd/Lcd.o
                                0x350 (size before relaxing)
 .debug_str     0x00000766       0x74 Hal/Led/Led.o
                                0x297 (size before relaxing)
 .debug_str     0x000007da       0x7d Hal/LM293/LM293.o
                                0x1fc (size before relaxing)
 .debug_str     0x00000857       0x78 Hal/TempSensor/TempSensor.o
                                0x204 (size before relaxing)
 .debug_str     0x000008cf       0x12 Mcal/Adc/Adc.o
                                0x19d (size before relaxing)
 .debug_str     0x000008e1       0x72 Mcal/Dio/Dio.o
                                0x225 (size before relaxing)
 .debug_str     0x00000953       0x58 Mcal/Extint/Extint.o
                                0x1f9 (size before relaxing)
 .debug_str     0x000009ab      0x277 Mcal/Timer/Timer.o
                                0x473 (size before relaxing)

.debug_loc      0x00000000     0x1a48
 *(.debug_loc)
 .debug_loc     0x00000000      0x468 App/main.o
 .debug_loc     0x00000468      0x1a4 Hal/KeyPad/KeyPad.o
 .debug_loc     0x0000060c      0x5ec Hal/Lcd/Lcd.o
 .debug_loc     0x00000bf8      0x552 Hal/Led/Led.o
 .debug_loc     0x0000114a       0x42 Hal/LM293/LM293.o
 .debug_loc     0x0000118c       0x60 Hal/TempSensor/TempSensor.o
 .debug_loc     0x000011ec       0xd0 Mcal/Adc/Adc.o
 .debug_loc     0x000012bc      0x199 Mcal/Dio/Dio.o
 .debug_loc     0x00001455      0x105 Mcal/Extint/Extint.o
 .debug_loc     0x0000155a      0x4ee Mcal/Timer/Timer.o

.debug_macinfo
 *(.debug_macinfo)

.debug_weaknames
 *(.debug_weaknames)

.debug_funcnames
 *(.debug_funcnames)

.debug_typenames
 *(.debug_typenames)

.debug_varnames
 *(.debug_varnames)

.debug_pubtypes
 *(.debug_pubtypes)

.debug_ranges   0x00000000      0x200
 *(.debug_ranges)
 .debug_ranges  0x00000000       0x20 App/main.o
 .debug_ranges  0x00000020       0x18 Hal/KeyPad/KeyPad.o
 .debug_ranges  0x00000038       0x40 Hal/Lcd/Lcd.o
 .debug_ranges  0x00000078       0x38 Hal/Led/Led.o
 .debug_ranges  0x000000b0       0x18 Hal/LM293/LM293.o
 .debug_ranges  0x000000c8       0x18 Hal/TempSensor/TempSensor.o
 .debug_ranges  0x000000e0       0x18 Mcal/Adc/Adc.o
 .debug_ranges  0x000000f8       0x38 Mcal/Dio/Dio.o
 .debug_ranges  0x00000130       0x20 Mcal/Extint/Extint.o
 .debug_ranges  0x00000150       0xb0 Mcal/Timer/Timer.o

.debug_macro
 *(.debug_macro)
OUTPUT(Nti_Project.elf elf32-avr)
LOAD linker stubs
